[timenite.com/index.html]
[backblue.gif]
[fade.gif]
[index.html]
[timenite.com/images/favicon6d24.ico]
[cdnjs.cloudflare.com/ajax/libs/twitter-bootstrap/4.3.1/css/bootstrap.min.css]
[ajax.googleapis.com/ajax/libs/jquery/3.4.1/jquery.min.js]
[cdnjs.cloudflare.com/ajax/libs/twitter-bootstrap/4.3.1/js/bootstrap.bundle.min.js]
[timenite.com/scripts/countdowner.js]
[timenite.com/styles/stylesheet6d24.css]
[ptawehex.net/pfe/current/tag.min9d70.js]
[timenite.com/images/timenitelogo.png]
[timenite.com/item-shop.html]
[timenite.com/free-games.html]
[timenite.com/scripts/seasons-scriptc303.js]
[timenite.com/images/fortnite-friends.jpg]
[timenite.com/images/discord.png]
[timenite.com/images/usecodepri.png]
[apis.google.com/js/platform.js]
[timenite.com/cdn-cgi/l/email-protection.html]
[timenite.com/cdn-cgi/scripts/5c5dd728/cloudflare-static/email-decode.min.js]
[timenite.com/index.html]
[cdnjs.cloudflare.com/ajax/libs/twitter-bootstrap/4.3.1/css/bootstrap.min.css]
[timenite.com/styles/stylesheet6d24.css]
[static.cloudflareinsights.com/beacon.min.js]
[timenite.com/images/favicon.ico]
[code.jquery.com/jquery-2.1.1.min.js]
[cdnjs.cloudflare.com/ajax/libs/popper.js/1.16.0/umd/popper.min.js]
[timenite.com/styles/fortnitefont.ttf]
[timenite.com/item-shop.html]
[timenite.com/scripts/is-countdown.js]
[timenite.com/scripts/weekly-countdown.js]
[timenite.com/styles/darktheme.css]
[timenite.com/free-games.html]
[timenite.com/cdn-cgi/l/email-protection.html]
[timenite.com/styles/darktheme.css]
[timenite.com/free-games/index.html]
